// Jest Snapshot v1, https://goo.gl/fbAQLP

exports[`Quantity should render the quantity with initial props 1`] = `
<div>
  <div
    class="chakra-stack css-84zodg"
  >
    <button
      aria-disabled="true"
      aria-label="Decrease"
      class="chakra-button css-p7mkev"
      data-testid="decrease-quantity"
      disabled=""
      role="button"
      tabindex="-1"
      type="button"
    >
      <svg
        aria-hidden="true"
        class="chakra-icon css-13otjrl"
        fill="currentColor"
        focusable="false"
        height="1em"
        stroke="currentColor"
        stroke-width="0"
        viewBox="0 0 24 24"
        width="1em"
        xmlns="http://www.w3.org/2000/svg"
      >
        <path
          d="M0 0h24v24H0z"
          fill="none"
        />
        <path
          d="M19 13H5v-2h14v2z"
        />
      </svg>
    </button>
    <input
      aria-valuemax="100"
      aria-valuemin="1"
      aria-valuenow="1"
      aria-valuetext="1"
      autocomplete="off"
      autocorrect="off"
      class="chakra-input css-0"
      inputmode="decimal"
      pattern="[0-9]*(.[0-9]+)?"
      role="spinbutton"
      type="text"
      value="1"
    />
    <button
      aria-label="Increase"
      class="chakra-button css-p7mkev"
      data-testid="increase-quantity"
      role="button"
      tabindex="-1"
      type="button"
    >
      <svg
        aria-hidden="true"
        class="chakra-icon css-13otjrl"
        fill="currentColor"
        focusable="false"
        height="1em"
        stroke="currentColor"
        stroke-width="0"
        viewBox="0 0 24 24"
        width="1em"
        xmlns="http://www.w3.org/2000/svg"
      >
        <path
          d="M0 0h24v24H0z"
          fill="none"
        />
        <path
          d="M19 13h-6v6h-2v-6H5v-2h6V5h2v6h6v2z"
        />
      </svg>
    </button>
  </div>
</div>
`;
